
=== Salarios y rentas del trabajo ===
  · España
      (ADRH: 188 series)
      EAES: 10000 series es el tope del INE; acotando a datos base aparecen 3750 que faltaban
      (EAES: 13750 series)
      (ETCL: 7479 series)
      renta_salario/ambos: 3 periodos (ADRH10551441)
      renta_pensiones/ambos: 3 periodos (ADRH10551440)
      renta_desempleo/ambos: 3 periodos (ADRH10551439)
      renta_otras_prestaciones/ambos: 3 periodos (ADRH10551438)
      salario_bruto/ambos: 17 periodos (EAES228)
      salario_bruto/hombres: 17 periodos (EAES226)
      salario_bruto/mujeres: 17 periodos (EAES227)
      brecha_salarial/ambos: 2 periodos (EAES2686)
      desigualdad_salarial/ambos: 17 periodos (EAES229)
      gini_salarial/ambos: 17 periodos (EAES234)
      deflactor/espana: 24 periodos (IPC318623)
      salarios en euros constantes de 2025
  · Comunitat Valenciana
      (ADRH: 188 series)
      (EAES: 4092 series)
      (ETCL: 330 series)
      renta_salario/ambos: descartadas por sus valores ADRH9974750
      renta_salario/ambos: 9 periodos (ADRH10551391)
      renta_pensiones/ambos: descartadas por sus valores ADRH9974749
      renta_pensiones/ambos: 9 periodos (ADRH10551390)
      renta_desempleo/ambos: descartadas por sus valores ADRH9974748
      renta_desempleo/ambos: 9 periodos (ADRH10551389)
      renta_otras_prestaciones/ambos: descartadas por sus valores ADRH9974747
      renta_otras_prestaciones/ambos: 9 periodos (ADRH10551388)
      salario_bruto/ambos: 17 periodos (EAES168)
      salario_bruto/hombres: 17 periodos (EAES166)
      salario_bruto/mujeres: 17 periodos (EAES167)
      deflactor/comunitat-valenciana: 24 periodos (IPC319817)
      salarios en euros constantes de 2025
  · Castellón
      (ADRH: 188 series)
      (EAES: 0 series)
      (ETCL: 0 series)
      renta_salario/ambos: descartadas por sus valores ADRH9974525
      renta_salario/ambos: 9 periodos (ADRH10551166)
      renta_pensiones/ambos: descartadas por sus valores ADRH9974524
      renta_pensiones/ambos: 9 periodos (ADRH10551165)
      renta_desempleo/ambos: descartadas por sus valores ADRH9974523
      renta_desempleo/ambos: 9 periodos (ADRH10551164)
      renta_otras_prestaciones/ambos: descartadas por sus valores ADRH9974522
      renta_otras_prestaciones/ambos: 9 periodos (ADRH10551163)
      deflactor/castellon: 24 periodos (IPC325885)
    escrito data/salarios/espana.json
    escrito data/salarios/comunitat-valenciana.json
    escrito data/salarios/castellon.json
  17 periodos: 2008 … 2024
