
=== El precio de la luz ===
    2021-01: 0 días
    2021-02: 0 días
    2021-03: 0 días
    2021-04: 0 días
    2021-05: 0 días
    2021-06: 30 días
    2021-07: 31 días
    2021-08: 31 días
    2021-09: 30 días
    2021-10: 31 días
    2021-11: 30 días
    2021-12: 31 días
    2022-01: 31 días
    2022-02: 28 días
    2022-03: 31 días
    2022-04: 30 días
    2022-05: 31 días
    2022-06: 30 días
    2022-07: 31 días
    2022-08: 31 días
    2022-09: 30 días
    2022-10: 31 días
    2022-11: 30 días
    2022-12: 31 días
    2023-01: 31 días
    2023-02: 28 días
    2023-03: 31 días
    2023-04: 30 días
    2023-05: 31 días
    2023-06: 30 días
    2023-07: 31 días
    2023-08: 31 días
    2023-09: 30 días
    2023-10: 31 días
    2023-11: 30 días
    2023-12: 31 días
    2024-01: 31 días
    2024-02: 29 días
    2024-03: 31 días
    2024-04: 30 días
    2024-05: 31 días
    2024-06: 30 días
    2024-07: 31 días
    2024-08: 31 días
    2024-09: 30 días
    2024-10: 31 días
    2024-11: 30 días
    2024-12: 31 días
    2025-01: 31 días
    2025-02: 28 días
    2025-03: 31 días
    2025-04: 30 días
    2025-05: 31 días
    2025-06: 30 días
    2025-07: 31 días
    2025-08: 31 días
    2025-09: 30 días
    2025-10: 31 días
    2025-11: 30 días
    2025-12: 31 días
    2026-01: 31 días
    2026-02: 28 días
    2026-03: 31 días
    2026-04: 30 días
    2026-05: 31 días
    2026-06: 30 días
    2026-07: 31 días
    2026-08: 31 días
    2026-09: 17 días
  69 peticiones · 1935 días en total
    escrito data/luz/espana.json
    escrito data/luz/comunitat-valenciana.json
    escrito data/luz/castellon.json
  63 periodos: 2021M06 … 2026M08
  escrito data/luz/hoy.json (2026-09-17, 24 horas)
  media de 2026M08: 16.65 c€/kWh
