Carburantes
    semilla: 172 días, 2026-03-30 … 2026-09-17
    172 días de España vienen de la semilla
  pidiendo las gasolineras
    de una vez: 11,471 gasolineras
  11,471 gasolineras, fecha declarada '17/09/2026 17:16:01'
    espana: gasolina_95=1.918 (10909), gasoleo_a=1.9138 (11256), gasolina_98=2.073 (5486), gasoleo_premium=2.0057 (5890), glp=1.0976 (997)
    comunitat-valenciana: gasolina_95=1.9233 (1268), gasoleo_a=1.8963 (1288), gasolina_98=2.1192 (608), gasoleo_premium=2.0068 (675), glp=1.0851 (106)
    castellon: gasolina_95=1.912 (188), gasoleo_a=1.9153 (190), gasolina_98=2.1019 (76), gasoleo_premium=2.0398 (96), glp=1.1747 (10)
  diario.json: 0 → 174 días-ámbito
    espana: 5 indicadores con mes cerrado
    comunitat-valenciana: 0 indicadores con mes cerrado
    castellon: 0 indicadores con mes cerrado
  boletín petrolero de la Comisión Europea
  la Comisión publica hoy: https://energy.ec.europa.eu/document/download/906e60ca-8b6a-44e7-8589-652854d2fd3f_en?filename=Weekl…
    4,467,723 bytes
    gasolina_95_serie: 261 meses, 2005M01 … 2026M09
    gasoleo_a_serie: 261 meses, 2005M01 … 2026M09
    glp_serie: 261 meses, 2005M01 … 2026M09
    gasolina_95_impuesto: 261 meses, último 40.31 %
    gasoleo_a_impuesto: 261 meses, último 27.22 %
    escrito data/carburantes/espana.json
    escrito data/carburantes/comunitat-valenciana.json
    escrito data/carburantes/castellon.json
  261 periodos: 2005M01 … 2026M09
