Bajas laborales · incapacidad temporal
  la Seguridad Social publica 22 ejercicios: 2005 … 2026
    2005: no se pudo leer · RuntimeError: ninguna hoja trae una tabla por comunidad autónoma; hay ['Hoja1', 'Hoja2', 'Hoja3']
    2006: no se pudo leer · RuntimeError: ninguna hoja trae una tabla por comunidad autónoma; hay ['Hoja1', 'Hoja2', 'Hoja3']
    2007: no se pudo leer · RuntimeError: ninguna hoja trae una tabla por comunidad autónoma; hay ['Hoja1', 'Hoja2', 'Hoja3']
    2008: no se pudo leer · RuntimeError: ninguna hoja trae una tabla por comunidad autónoma; hay ['Hoja1', 'Hoja2', 'Hoja3']
    2009: no se pudo leer · RuntimeError: ninguna hoja trae una tabla por comunidad autónoma; hay ['Hoja1', 'Hoja2', 'Hoja3']
    2010: no se pudo leer · RuntimeError: ninguna hoja trae una tabla por comunidad autónoma; hay ['Hoja1', 'Hoja2', 'Hoja3']
    2011: no se pudo leer · RuntimeError: ninguna hoja trae una tabla por comunidad autónoma; hay ['Hoja1', 'Hoja2', 'Hoja3']
    2012: no se pudo leer · RuntimeError: ninguna hoja trae una tabla por comunidad autónoma; hay ['Hoja1', 'Hoja2', 'Hoja3']
    2013: no se pudo leer · RuntimeError: ninguna hoja trae una tabla por comunidad autónoma; hay ['Hoja1', 'Hoja2', 'Hoja3']
    2014: no se pudo leer · RuntimeError: ninguna hoja trae una tabla por comunidad autónoma; hay ['Hoja1', 'Hoja2', 'Hoja3']
    2015: no se pudo leer · RuntimeError: ninguna hoja trae una tabla por comunidad autónoma; hay ['Hoja1', 'Hoja2', 'Hoja3']
    2016: no se pudo leer · RuntimeError: ninguna hoja trae una tabla por comunidad autónoma; hay ['Hoja1', 'Hoja2', 'Hoja3']
    2017: no se pudo leer · RuntimeError: ninguna hoja trae una tabla por comunidad autónoma; hay ['Hoja1', 'Hoja2', 'Hoja3']
    2018: no se pudo leer · RuntimeError: ninguna hoja trae una tabla por comunidad autónoma; hay ['Hoja1', 'Hoja2', 'Hoja3']
    2019: no se pudo leer · RuntimeError: ninguna hoja trae una tabla por comunidad autónoma; hay ['INSS SIN SEXO']
    2020: no se pudo leer · RuntimeError: la tabla anual ya no trae estas columnas: ['procesos_finalizados']
    2021: no se pudo leer · RuntimeError: la tabla anual ya no trae estas columnas: ['procesos_finalizados']
    2022: no se pudo leer · RuntimeError: ninguna hoja trae una tabla por comunidad autónoma; hay ['datos IT cierre 22', 'Estadísticas', 'Indicadores', 'Mozart Reports']
      sin fila de total nacional; las últimas filas con algo son:
        [21]ZAMORA | [22]15091 | [23]837456 | [24]30258 | [25]1437507 | [26]15607 | [31]VALLADOLID | [32]436835 | [33]437602 | [34]440337 | [35]442998 | [36]444542 | [37]443093 | [38]447640 | [39]445599 | [40]451196 | [41]449464 | [42]452568 | [43]451377 | [44]445270.9166666667 | [45]451377 | [46]230743.5 | [47]233305 | [49]VALLADOLID | [50]227529 | [51]227814 | [52]229139 | [53]230289 | [54]230656 | [55]228846 | [56]231691 | [57]230720 | [58]232923 | [59]232228 | [60]233782 | [61]233305 | [62]230743.5 | [63]233305 | [65]VALLADOLID | [66]209306 | [67]209788 | [68]211198 | [69]212709 | [70]213886 | [71]214247 | [72]215949 | [73]214879 | [74]218273 | [75]217236 | [76]218786 | [77]218072 | [78]214527.41666666666 | [79]218072 | [81]VALENCIA/VALÈNCIA | [82]55595 | [83]58350 | [84]57566 | [85]56032 | [86]58676 | [87]58623 | [88]57521 | [89]57095 | [90]57398 | [91]58798 | [92]61309 | [93]60295 | [94]60295
        [21]ZARAGOZA | [22]189395 | [23]6866381 | [24]271099 | [25]10796631 | [26]194818 | [31]ZAMORA | [32]116351 | [33]117141 | [34]118545 | [35]119569 | [36]119068 | [37]119583 | [38]122390 | [39]121330 | [40]121623 | [41]120886 | [42]120444 | [43]120577 | [44]119792.25 | [45]120577 | [46]60893.833333333336 | [47]61625 | [49]ZAMORA | [50]59393 | [51]59716 | [52]60323 | [53]60745 | [54]60414 | [55]60257 | [56]62196 | [57]61656 | [58]61678 | [59]61449 | [60]61274 | [61]61625 | [62]60893.833333333336 | [63]61625 | [65]ZAMORA | [66]56958 | [67]57425 | [68]58222 | [69]58824 | [70]58654 | [71]59326 | [72]60194 | [73]59674 | [74]59945 | [75]59437 | [76]59170 | [77]58952 | [78]58898.416666666664 | [79]58952 | [81]VALLADOLID | [82]10791 | [83]11448 | [84]10977 | [85]10779 | [86]11148 | [87]11012 | [88]10514 | [89]10856 | [90]11051 | [91]11489 | [92]12165 | [93]11951 | [94]11951
        [21]CÁDIZ | [22]144708 | [23]6020184 | [24]232239 | [25]9864999 | [26]150177 | [31]ZARAGOZA | [32]879740 | [33]884230 | [34]889194 | [35]897872 | [36]913390 | [37]903899 | [38]899381 | [39]891572 | [40]909588 | [41]907797 | [42]913259 | [43]906709 | [44]899719.25 | [45]906709 | [46]459740.3333333333 | [47]463432 | [49]ZARAGOZA | [50]450419 | [51]452234 | [52]454569 | [53]458564 | [54]465811 | [55]461600 | [56]460360 | [57]456274 | [58]463799 | [59]463327 | [60]466495 | [61]463432 | [62]459740.3333333333 | [63]463432 | [65]ZARAGOZA | [66]429321 | [67]431996 | [68]434625 | [69]439308 | [70]447579 | [71]442299 | [72]439021 | [73]435298 | [74]445789 | [75]444470 | [76]446764 | [77]443277 | [78]439978.9166666667 | [79]443277 | [81]ZAMORA | [82]2638 | [83]2571 | [84]2473 | [85]2408 | [86]2432 | [87]2407 | [88]2360 | [89]2444 | [90]2459 | [91]2596 | [92]2704 | [93]2766 | [94]2766
        [21]Total general | [22]8640064 | [23]337325731 | [24]12889562 | [25]496785232 | [26]8879929 | [31]CÁDIZ | [32]788345 | [33]796068 | [34]808688 | [35]826767 | [36]829188 | [37]835018 | [38]854359 | [39]847354 | [40]831398 | [41]815767 | [42]815751 | [43]816296 | [44]822083.25 | [45]816296 | [46]432322.75 | [47]431321 | [49]CÁDIZ | [50]419324 | [51]421395 | [52]425581 | [53]432903 | [54]432886 | [55]434464 | [56]448110 | [57]445207 | [58]436675 | [59]429457 | [60]430550 | [61]431321 | [62]432322.75 | [63]431321 | [65]CÁDIZ | [66]369021 | [67]374673 | [68]383107 | [69]393864 | [70]396302 | [71]400554 | [72]406249 | [73]402147 | [74]394723 | [75]386310 | [76]385201 | [77]384975 | [78]389760.5 | [79]384975 | [81]ZARAGOZA | [82]21028 | [83]22735 | [84]22296 | [85]21568 | [86]22806 | [87]22347 | [88]21483 | [89]21877 | [90]22760 | [91]23678 | [92]24893 | [93]23628 | [94]23628
        [32]40460699 | [33]40658774 | [34]41035938 | [35]41490017 | [36]41658788 | [37]41482538 | [38]41663586 | [39]41289746 | [40]41726335 | [41]41637933 | [42]41880037 | [43]41800841 | [45]12 | [81]CÁDIZ | [82]17085 | [83]18182 | [84]18412 | [85]18384 | [86]19002 | [87]19134 | [88]19390 | [89]20440 | [90]20472 | [91]20421 | [92]20970 | [93]20347 | [94]20347
        [81]Total general | [82]1020507 | [83]1074995 | [84]1056635 | [85]1039069 | [86]1084577 | [87]1072487 | [88]1044741 | [89]1056853 | [90]1075101 | [91]1105414 | [92]1148420 | [93]1110763
    2023: 12 meses · {'castellon': 7, 'comunitat-valenciana': 7}
      sin fila de total nacional; las últimas filas con algo son:
        [21]ZAMORA | [22]16233 | [23]1001795 | [24]2895 | [25]122114.80561414415 | [26]16524 | [31]VALLADOLID | [32]464197.7079376785 | [33]462000.0054755049 | [44]462000.0054755049 | [45]464197.7079376785 | [46]237538.0054755049 | [47]238929.7079376785 | [49]VALLADOLID | [50]238929.7079376785 | [51]237538.0054755049 | [62]237538.0054755049 | [63]238929.7079376785 | [65]VALLADOLID | [66]225268 | [67]224462 | [78]224462 | [79]225268 | [81]VALENCIA/VALÈNCIA | [82]69306 | [94]69306
        [21]ZARAGOZA | [22]198210 | [23]8362557 | [24]26139 | [25]925773.670358245 | [26]203165 | [31]ZAMORA | [32]122114.80561414415 | [33]123616.27041757733 | [44]123616.27041757733 | [45]122114.80561414415 | [46]62990.77041757732 | [47]62366.80561414415 | [49]ZAMORA | [50]62366.80561414415 | [51]62990.77041757732 | [62]62990.77041757732 | [63]62366.80561414415 | [65]ZAMORA | [66]59748 | [67]60625.5 | [78]60625.5 | [79]59748 | [81]VALLADOLID | [82]12914 | [94]12914
        [21]CÁDIZ | [22]154102 | [23]7076547 | [24]21969 | [25]843389.1524494472 | [26]158377 | [31]ZARAGOZA | [32]925773.670358245 | [33]925568.3640243231 | [44]925568.3640243231 | [45]925773.670358245 | [46]471722.94735765643 | [47]472221.6703582451 | [49]ZARAGOZA | [50]472221.6703582451 | [51]471722.94735765643 | [62]471722.94735765643 | [63]472221.6703582451 | [65]ZARAGOZA | [66]453552 | [67]453845.4166666666 | [78]453845.4166666666 | [79]453552 | [81]ZAMORA | [82]2895 | [94]2895
        [21]Total general | [22]9075461 | [23]393098753 | [24]1182236 | [25]43074031.130791865 | [26]9262614 | [31]CÁDIZ | [32]843389.1524494472 | [33]853294.7304352783 | [44]853294.7304352783 | [45]843389.1524494472 | [46]445482.9804352783 | [47]443365.15244944725 | [49]CÁDIZ | [50]443365.15244944725 | [51]445482.9804352783 | [62]445482.9804352783 | [63]443365.15244944725 | [65]CÁDIZ | [66]400024 | [67]407811.75 | [78]407811.75 | [79]400024 | [81]ZARAGOZA | [82]26139 | [94]26139
        [32]43074031.130791865 | [33]42851569.17148626 | [34]0 | [35]0 | [36]0 | [37]0 | [38]0 | [39]0 | [40]0 | [41]0 | [42]0 | [43]0 | [45]43074031.130791865 | [81]CÁDIZ | [82]21969 | [94]21969
        [81]Total general | [82]1182236
    2024: cierre · {'castellon': 7, 'comunitat-valenciana': 7}
      sin fila de total nacional; las últimas filas con algo son:
        [21]ZAMORA | [22]16803 | [23]1021702 | [24]34289 | [25]1487885.6746684273 | [26]16784 | [31]VALLADOLID | [32]461217.9585271536 | [33]465253.909700254 | [34]466692.4958409199 | [35]467527.8939250988 | [36]470416.49737301766 | [37]466871.54605488316 | [38]466102.54020473314 | [39]464533.62949800096 | [40]469063.792422438 | [41]470368.49130555533 | [42]474269.87564195145 | [43]470632.57426116394 | [44]467745.9337295974 | [45]470632.57426116394 | [46]240593.68372959745 | [47]242377.57426116397 | [49]VALLADOLID | [50]238115.95852715362 | [51]238361.90970025395 | [52]238630.4958409199 | [53]238608.89392509882 | [54]240953.49737301766 | [55]240441.54605488316 | [56]240927.54020473317 | [57]241256.62949800096 | [58]241455.79242243798 | [59]241949.49130555533 | [60]244044.87564195148 | [61]242377.57426116397 | [62]240593.68372959745 | [63]242377.57426116397 | [65]VALLADOLID | [66]223102 | [67]226892 | [68]228062 | [69]228919 | [70]229463 | [71]226430 | [72]225175 | [73]223277 | [74]227608 | [75]228419 | [76]230225 | [77]228255 | [78]227152.25 | [79]228255 | [81]VALENCIA/VALÈNCIA | [82]71347 | [83]72133 | [84]71915 | [85]70686 | [86]73276 | [87]74169 | [88]73976 | [89]71112 | [90]72568 | [91]72789 | [92]73282 | [93]72775 | [94]72775
        [21]ZARAGOZA | [22]208759 | [23]9090143 | [24]335044 | [25]11303170.878214782 | [26]212675 | [31]ZAMORA | [32]121140.06962913476 | [33]121680.16581510787 | [34]122185.88751464873 | [35]123225.37149742208 | [36]124358.65421475767 | [37]124280.14102528476 | [38]126071.8660858788 | [39]125801.07934025131 | [40]125765.86957661771 | [41]124658.64050909398 | [42]125059.23012372511 | [43]123658.6993365044 | [44]123990.47288903558 | [45]123658.6993365044 | [46]63170.13955570227 | [47]63153.6993365044 | [49]ZAMORA | [50]61942.069629134756 | [51]61994.16581510787 | [52]62159.887514648726 | [53]62527.37149742208 | [54]63106.65421475768 | [55]63218.141025284756 | [56]64307.8660858788 | [57]64450.0793402513 | [58]64015.86957661771 | [59]63403.64050909398 | [60]63762.2301237251 | [61]63153.6993365044 | [62]63170.13955570227 | [63]63153.6993365044 | [65]ZAMORA | [66]59198 | [67]59686 | [68]60026 | [69]60698 | [70]61252 | [71]61062 | [72]61764 | [73]61351 | [74]61750 | [75]61255 | [76]61297 | [77]60505 | [78]60820.333333333336 | [79]60505 | [81]VALLADOLID | [82]13426 | [83]13532 | [84]13463 | [85]12835 | [86]13218 | [87]13196 | [88]12882 | [89]12516 | [90]13222 | [91]13375 | [92]13422 | [93]13222 | [94]13222
        [21]CÁDIZ | [22]167930 | [23]8073913 | [24]274864 | [25]10395884.887532365 | [26]170655 | [31]ZARAGOZA | [32]921282.4857531771 | [33]930816.3235003664 | [34]934230.8183104773 | [35]940495.7897366639 | [36]960597.7326090196 | [37]949707.5959505995 | [38]935352.2552923958 | [39]936648.2698308474 | [40]947755.2960654893 | [41]946606.8455643475 | [42]956930.017478111 | [43]942747.4481232875 | [44]941930.9065178985 | [45]942747.4481232875 | [46]479292.9898512319 | [47]480396.4481232875 | [49]ZARAGOZA | [50]469771.4857531771 | [51]472247.32350036636 | [52]473624.81831047725 | [53]476277.789736664 | [54]486624.7326090197 | [55]484059.5959505995 | [56]478706.25529239577 | [57]479884.2698308474 | [58]482265.29606548935 | [59]481236.8455643474 | [60]486421.01747811097 | [61]480396.4481232875 | [62]479292.9898512319 | [63]480396.4481232875 | [65]ZARAGOZA | [66]451511 | [67]458569 | [68]460606 | [69]464218 | [70]473973 | [71]465648 | [72]456646 | [73]456764 | [74]465490 | [75]465370 | [76]470509 | [77]462351 | [78]462637.9166666667 | [79]462351 | [81]ZAMORA | [82]2925 | [83]2901 | [84]3005 | [85]2919 | [86]2925 | [87]2869 | [88]2799 | [89]2708 | [90]2719 | [91]2825 | [92]2891 | [93]2803 | [94]2803
        [21]Total general | [22]9590619 | [23]405584760 | [24]14935910 | [25]523805260.6853913 | [26]9757650 | [31]CÁDIZ | [32]831541.3097624378 | [33]844796.2200636569 | [34]846325.3707857396 | [35]866876.8398055595 | [36]877700.5260500815 | [37]881443.5851076893 | [38]897202.6758083443 | [39]896267.177024597 | [40]866806.8954279143 | [41]861308.924821438 | [42]864494.4830120576 | [43]861120.8798628502 | [44]866323.7406276972 | [45]861120.8798628502 | [46]452274.8239610305 | [47]451865.8798628502 | [49]CÁDIZ | [50]437343.3097624378 | [51]440386.2200636569 | [52]441157.3707857396 | [53]447824.83980555943 | [54]455322.5260500815 | [55]458778.58510768926 | [56]468512.6758083443 | [57]470246.17702459695 | [58]453327.89542791434 | [59]449951.92482143803 | [60]452580.4830120576 | [61]451865.8798628502 | [62]452274.8239610305 | [63]451865.8798628502 | [65]CÁDIZ | [66]394198 | [67]404410 | [68]405168 | [69]419052 | [70]422378 | [71]422665 | [72]428690 | [73]426021 | [74]413479 | [75]411357 | [76]411914 | [77]409255 | [78]414048.9166666667 | [79]409255 | [81]ZARAGOZA | [82]27573 | [83]28029 | [84]28116 | [85]27331 | [86]27974 | [87]28077 | [88]27561 | [89]26409 | [90]28321 | [91]28537 | [92]29057 | [93]28059 | [94]28059
        [32]42787303.98485965 | [33]43007855.83312932 | [34]43310940.29755249 | [35]43823461.4496766 | [36]44131751.176153466 | [37]43746465.98752692 | [38]43745027.62892303 | [39]43577227.73992425 | [40]43653899.366867945 | [41]43838165.77565887 | [42]44224975.02929884 | [43]43958186.415819906 | [45]12 | [81]CÁDIZ | [82]22824 | [83]22385 | [84]22665 | [85]22142 | [86]22424 | [87]22760 | [88]23125 | [89]23122 | [90]23453 | [91]23702 | [92]23239 | [93]23023 | [94]23023
        [81]Total general | [82]1245720 | [83]1253299 | [84]1258282 | [85]1226352 | [86]1252299 | [87]1246988 | [88]1230026 | [89]1190455 | [90]1244256 | [91]1269178 | [92]1270541 | [93]1248514
    2025: 12 meses · {'castellon': 7, 'comunitat-valenciana': 7}
      sin fila de total nacional; las últimas filas con algo son:
        [21]ZAMORA | [22]8294 | [23]539278 | [24]16587 | [25]750281 | [26]8293 | [31]VALLADOLID | [32]469848 | [33]473724 | [34]476273 | [35]477659 | [36]480449 | [37]474831 | [44]475464 | [45]474831 | [46]243445 | [47]244426 | [49]VALLADOLID | [50]241811 | [51]242459 | [52]242967 | [53]243713 | [54]245294 | [55]244426 | [62]243445 | [63]244426 | [65]VALLADOLID | [66]228037 | [67]231265 | [68]233306 | [69]233946 | [70]235155 | [71]230405 | [78]232019 | [79]230405 | [81]VALENCIA/VALÈNCIA | [82]74444 | [83]75456 | [84]74505 | [85]74213 | [86]75065 | [87]75120 | [94]75120
        [21]ZARAGOZA | [22]98532 | [23]5207653 | [24]170982 | [25]5778305 | [26]100468 | [31]ZAMORA | [32]123590 | [33]123998 | [34]124609 | [35]125659 | [36]126455 | [37]125970 | [44]125046.83333333333 | [45]125970 | [46]63553.5 | [47]64045 | [49]ZAMORA | [50]63160 | [51]63169 | [52]63191 | [53]63711 | [54]64045 | [55]64045 | [62]63553.5 | [63]64045 | [65]ZAMORA | [66]60430 | [67]60829 | [68]61418 | [69]61948 | [70]62410 | [71]61925 | [78]61493.333333333336 | [79]61925 | [81]VALLADOLID | [82]13715 | [83]13916 | [84]13701 | [85]13574 | [86]13663 | [87]13457 | [94]13457
        [21]CÁDIZ | [22]82470 | [23]4171407 | [24]138470 | [25]5308315 | [26]84648 | [31]ZARAGOZA | [32]943069 | [33]952708 | [34]956249 | [35]964289 | [36]988082 | [37]973908 | [44]963050.8333333334 | [45]973908 | [46]488657.6666666667 | [47]496191 | [49]ZARAGOZA | [50]480482 | [51]482844 | [52]483403 | [53]487603 | [54]501423 | [55]496191 | [62]488657.6666666667 | [63]496191 | [65]ZARAGOZA | [66]462587 | [67]469864 | [68]472846 | [69]476686 | [70]486659 | [71]477717 | [78]474393.1666666667 | [79]477717 | [81]ZAMORA | [82]2851 | [83]2901 | [84]2801 | [85]2722 | [86]2645 | [87]2667 | [94]2667
        [21]Total general | [22]4649019 | [23]214251314 | [24]7754484 | [25]268014798 | [26]4793071 | [31]CÁDIZ | [32]858125 | [33]865278 | [34]885709 | [35]896623 | [36]899002 | [37]903578 | [44]884719.1666666666 | [45]903578 | [46]457804.5 | [47]469741 | [49]CÁDIZ | [50]448615 | [51]448939 | [52]456151 | [53]459521 | [54]463860 | [55]469741 | [62]457804.5 | [63]469741 | [65]CÁDIZ | [66]409510 | [67]416339 | [68]429558 | [69]437102 | [70]435142 | [71]433837 | [78]426914.6666666667 | [79]433837 | [81]ZARAGOZA | [82]28566 | [83]29095 | [84]28809 | [85]27958 | [86]28244 | [87]28310 | [94]28310
        [32]43867820 | [33]44252908 | [34]44592236 | [35]45015356 | [36]45307575 | [37]44978903 | [38]0 | [39]0 | [40]0 | [41]0 | [42]0 | [43]0 | [45]6 | [81]CÁDIZ | [82]23401 | [83]23287 | [84]22976 | [85]22732 | [86]22771 | [87]23303 | [94]23303
        [81]Total general | [82]1284619 | [83]1301154 | [84]1291585 | [85]1285628 | [86]1292759 | [87]1298739
    2026: sólo 6 meses y no es un cierre; se salta
  3 ejercicios con datos
    comunitat-valenciana/duracion_media: 3 años, 2023 … 2025
    comunitat-valenciana/incidencia: 3 años, 2023 … 2025
    comunitat-valenciana/prevalencia: 3 años, 2023 … 2025
    comunitat-valenciana/procesos_finalizados: 3 años, 2023 … 2025
    comunitat-valenciana/procesos_iniciados: 3 años, 2023 … 2025
    comunitat-valenciana/procesos_vigor: 3 años, 2023 … 2025
    comunitat-valenciana/trabajadores_protegidos: 3 años, 2023 … 2025
    castellon/duracion_media: 3 años, 2023 … 2025
    castellon/incidencia: 3 años, 2023 … 2025
    castellon/prevalencia: 3 años, 2023 … 2025
    castellon/procesos_finalizados: 3 años, 2023 … 2025
    castellon/procesos_iniciados: 3 años, 2023 … 2025
    castellon/procesos_vigor: 3 años, 2023 … 2025
    castellon/trabajadores_protegidos: 3 años, 2023 … 2025
    escrito data/bajas/espana.json
    escrito data/bajas/comunitat-valenciana.json
    escrito data/bajas/castellon.json
  3 periodos: 2023 … 2025
