
=== Afiliación a la Seguridad Social ===
      cadena completada con http://www.cert.fnmt.es/certs/ACCOMP.crt
    2015: «Afi-07» col 3 → afiliados de Castellón: 206678.0
    2015: «Afi-13» col 3 → autonomos de Castellón: 23405.0
    2016: todavía no publicado
    2017: «AFI-19» col 3 → afiliados de Castellón: 222721.168
    2017: «AFI-27» col 3 → autonomos de Castellón: 22643.0
    2018: «AFI-19» col 3 → afiliados de Castellón: 230251.284
    2018: «AFI-27» col 3 → autonomos de Castellón: 22735.0
    2019: «AFI-19» col 3 → afiliados de Castellón: 234887.116
    2019: «AFI-27» col 3 → autonomos de Castellón: 22579.0
    2020: «AFI-19» col 3 → afiliados de Castellón: 231472.13
    2020: «AFI-27» col 3 → autonomos de Castellón: 22697.0
    2021: «AFI-19» col 3 → afiliados de Castellón: 245826.613
    2021: «AFI-27» col 3 → autonomos de Castellón: 23012.0
    2022: «AFI-19» col 3 → afiliados de Castellón: 249768.384
    2022: «AFI-27» col 3 → autonomos de Castellón: 23046.0
    2023: «AFI-19» col 3 → afiliados de Castellón: 251304.811
    2023: «AFI-27» col 3 → autonomos de Castellón: 23141.0
    2024: «AFI-19» col 3 → afiliados de Castellón: 254840.514
        el índice dice: afi-17. bajas laborales del regimen especial de autonomos, segun duracion del ultimo periodo en alta, por sexo y edad.
        el índice dice: afi-19. trabajadores afiliados en alta laboral, segun regimen, por comunidad autonoma y provincia.
        el índice dice: afi-20a. trabajadores afiliados en alta laboral, segun sector de actividad y dependencia laboral, por comunidad autonoma y provincia.
        el índice dice: afi-20b. trabajadores afiliados en alta laboral, segun sector de actividad y dependencia laboral, por comunidad autonoma y provincia (concl.).
        el índice dice: afi-21a. trabajadores afiliados en alta laboral, segun comunidad autonoma, por sexo y edad.
        el índice dice: afi-21b. trabajadores afiliados en alta laboral, segun comunidad autonoma, por sexo y edad (concl.).
        el índice dice: afi-22. altas laborales, segun regimen, por comunidad autonoma y provincia.
        el índice dice: afi-23. bajas laborales, segun regimen, por comunidad autonoma y provincia.
        el índice dice: afi-24. trabajadores afiliados en alta laboral por cuenta propia, autonomos personas fisicas, segun regimen, por numero de asalariados y colectivo.
        el índice dice: afi-25. trabajadores autonomos, personas fisicas, en alta en la seguridad social, segun sin y con asalariados, por sector y seccion de actividad.
        el índice dice: afi-26. trabajadores autonomos, personas fisicas, en alta en la seguridad social, segun sin y con asalariados, por sexo y edad.
        el índice dice: afi-27. trabajadores autonomos, personas fisicas, en alta en la seguridad social, segun sin y con asalariados, por comunidad autonoma.
        el índice dice: afi-28. trabajadores afiliados a la seguridad social en el sector publico, segun sexo y ambiro terrirorial, por comunidad autonoma y provincia.
    2024: no se encuentra la hoja de autonomos
    2025: «AFI-19» col 3 → afiliados de Castellón: 260143.836
        el índice dice: afi-17. bajas laborales del regimen especial de autonomos, segun duracion del ultimo periodo en alta, por sexo y edad.
        el índice dice: afi-19. trabajadores afiliados en alta laboral, segun regimen, por comunidad autonoma y provincia.
        el índice dice: afi-20a. trabajadores afiliados en alta laboral, segun sector de actividad y dependencia laboral, por comunidad autonoma y provincia.
        el índice dice: afi-20b. trabajadores afiliados en alta laboral, segun sector de actividad y dependencia laboral, por comunidad autonoma y provincia (concl.).
        el índice dice: afi-21a. trabajadores afiliados en alta laboral, segun comunidad autonoma, por sexo y edad.
        el índice dice: afi-21b. trabajadores afiliados en alta laboral, segun comunidad autonoma, por sexo y edad (concl.).
        el índice dice: afi-22. altas laborales, segun regimen, por comunidad autonoma y provincia.
        el índice dice: afi-23. bajas laborales, segun regimen, por comunidad autonoma y provincia.
        el índice dice: afi-24. trabajadores autonomos por regimen, segun numero de asalariados y colectivo.
        el índice dice: afi-25. trabajadores autonomos por asalariados, segun sector y seccion de actividad.
        el índice dice: afi-26. trabajadores autonomos por asalariados, segun sexo y edad.
        el índice dice: afi-27. trabajadores autonomos por asalariados segun comunidad autonoma.
        el índice dice: afi-28. trabajadores afiliados a la seguridad social en el sector publico, segun sexo y ambiro terrirorial, por comunidad autonoma y provincia.
    2025: no se encuentra la hoja de autonomos
    2026: todavía no publicado
  autónomos mes a mes: 0 meses ya guardados
    2026M09: sin fichero (200, 34531 bytes)
    2026M08: sin fichero (200, 34531 bytes)
    2026M07: el fichero está pero no se encuentra la hoja provincial
    2026M06: el fichero está pero no se encuentra la hoja provincial
  autónomos mes a mes: 4 peticiones, 0 meses en total
    escrito data/afiliacion/espana.json
    escrito data/afiliacion/comunitat-valenciana.json
    escrito data/afiliacion/castellon.json
  10 periodos: 2015 … 2025
