
=== Huelgas ===
  0 meses ya guardados
      cadena completada con http://www.cert.fnmt.es/certs/ACCOMP.crt
    2026M09: sin fichero
    2026M08: sin fichero
    2026M07: sin fichero
    2026M06: sin fichero
    2026M05: Castellón 6.0 participantes
    2026M04: Castellón 0.0 participantes
    2026M03: Castellón 0.0 participantes
    2026M02: Castellón 0.0 participantes
    2026M01: Castellón 0.0 participantes
    2025M12: Castellón 0.0 participantes
    2025M11: Castellón 0.0 participantes
    2025M10: Castellón 0.0 participantes
    2025M09: Castellón 0.0 participantes
    2025M08: Castellón 0.0 participantes
    2025M07: Castellón 11.0 participantes
    2025M06: Castellón 88.0 participantes
    2025M05: Castellón 33.0 participantes
    2025M04: Castellón 7.0 participantes
    2025M03: Castellón 12.0 participantes
    2025M02: Castellón 36.0 participantes
    2025M01: Castellón 0.0 participantes
    2024M12: sin tabla territorial
    2024M11: Castellón 40.0 participantes
    2024M10: Castellón 1.0 participantes
    2024M09: Castellón 0.0 participantes
    2024M08: Castellón 0.0 participantes
    2024M07: Castellón 0.0 participantes
    2024M06: Castellón 5.0 participantes
    2024M05: Castellón 1872.0 participantes
    2024M04: Castellón 0.0 participantes
    2024M03: Castellón 185.0 participantes
    2024M02: Castellón 247.0 participantes
    2024M01: Castellón 0.0 participantes
    2023M12: sin tabla territorial
    2023M11: Castellón 0.0 participantes
    2023M10: Castellón 0.0 participantes
    2023M09: Castellón 56.0 participantes
    2023M08: Castellón 0.0 participantes
    2023M07: Castellón 8.0 participantes
    2023M06: Castellón 0.0 participantes
    2023M05: Castellón 16.0 participantes
    2023M04: Castellón 168.0 participantes
    2023M03: Castellón 81.0 participantes
    2023M02: Castellón 13.0 participantes
    2023M01: Castellón 13.0 participantes
    2022M12: sin tabla territorial
    2022M11: Castellón 14.0 participantes
    2022M10: Castellón 0.0 participantes
    2022M09: Castellón 1.0 participantes
    2022M08: Castellón 2.0 participantes
    2022M07: Castellón 2.0 participantes
    2022M06: Castellón 5.0 participantes
    2022M05: Castellón 89.0 participantes
    2022M04: Castellón 1.0 participantes
    2022M03: Castellón 142.0 participantes
    2022M02: Castellón 2.0 participantes
    2022M01: Castellón 13.0 participantes
    2021M12: sin tabla territorial
    2021M11: Castellón 64.0 participantes
    2021M10: Castellón 129.0 participantes
    2021M09: Castellón 10.0 participantes
    2021M08: Castellón 16.0 participantes
    2021M07: Castellón 21.0 participantes
    2021M06: Castellón 0.0 participantes
    2021M05: Castellón 0.0 participantes
    2021M04: Castellón 0.0 participantes
    2021M03: Castellón 2.0 participantes
    2021M02: Castellón 0.0 participantes
    2021M01: Castellón 0.0 participantes
    2020M12: sin tabla territorial
    2020M11: Castellón 4.0 participantes
    2020M10: Castellón 6.0 participantes
    2020M09: Castellón 0.0 participantes
    2020M08: Castellón 0.0 participantes
    2020M07: Castellón 0.0 participantes
    2020M06: Castellón 0.0 participantes
    2020M05: Castellón 0.0 participantes
    2020M04: Castellón 0.0 participantes
    2020M03: Castellón 0.0 participantes
    2020M02: Castellón 0.0 participantes
    2020M01: Castellón 0.0 participantes
    2019M12: sin tabla territorial
    2019M11: Castellón 0.0 participantes
    2019M10: Castellón 0.0 participantes
    2019M09: Castellón 1.0 participantes
    2019M08: Castellón 1.0 participantes
    2019M07: Castellón 3.0 participantes
    2019M06: Castellón 2.0 participantes
    2019M05: Castellón 0.0 participantes
    2019M04: Castellón 0.0 participantes
    2019M03: Castellón 73.0 participantes
    2019M02: Castellón 121.0 participantes
    2019M01: Castellón 0.0 participantes
    2018M12: Castellón 9.0 participantes
    2018M11: sin fichero
    2018M10: sin fichero
    2018M09: sin fichero
    2018M08: sin fichero
    2018M07: sin fichero
    2018M06: sin fichero
    2018M05: sin fichero
    2018M04: sin fichero
  102 peticiones · 84 meses en total
    escrito data/huelgas/espana.json
    escrito data/huelgas/comunitat-valenciana.json
    escrito data/huelgas/castellon.json
  84 periodos: 2018M12 … 2026M05
