136 municipios de la provincia (de 8139 en España)
      12066 Gatova/renta_persona: 0 periodos (ADRH100287)
      12066 Gatova/renta_hogar: 0 periodos (ADRH100286)
  Gatova: 188 conjuntos de segmentos; ejemplos:
    ['dato base', 'de 18 a 64 anos', 'gatova', 'mujeres', 'poblacion con ingresos por unidad de consumo por debajo 60% de la mediana']
    ['dato base', 'extranjera', 'gatova', 'hombres', 'poblacion con ingresos por unidad de consumo por debajo 50% de la mediana']
    ['65 y mas anos', 'dato base', 'gatova', 'mujeres', 'poblacion con ingresos por unidad de consumo por encima 160% de la mediana']
    ['000 euros', 'dato base', 'gatova', 'hombres', 'menos de 18 anos', 'poblacion con ingresos por unidad de consumo por debajo de 5']
    ['65 y mas anos', 'dato base', 'gatova', 'hombres', 'poblacion con ingresos por unidad de consumo por encima 200% de la mediana']
    ['dato base', 'gatova', 'poblacion']
      12093 Pobla de Benifassà, la/renta_persona: 9 periodos (ADRH100235)
      12093 Pobla de Benifassà, la/renta_hogar: 9 periodos (ADRH100234)
      12095 Ribesalbes/renta_persona: 9 periodos (ADRH100231)
      12095 Ribesalbes/renta_hogar: 9 periodos (ADRH100230)
      12098 Salzadella, la/renta_persona: 9 periodos (ADRH100225)
      12098 Salzadella, la/renta_hogar: 9 periodos (ADRH100224)
      12100 Sant Mateu/renta_persona: 9 periodos (ADRH100221)
      12100 Sant Mateu/renta_hogar: 9 periodos (ADRH100220)
      12101 San Rafael del Río/renta_persona: 9 periodos (ADRH100219)
      12101 San Rafael del Río/renta_hogar: 9 periodos (ADRH100218)
      12103 Serratella, la/renta_persona: 7 periodos (ADRH100215)
      12103 Serratella, la/renta_hogar: 7 periodos (ADRH100214)
      12105 Sierra Engarcerán/renta_persona: 9 periodos (ADRH100211)
      12105 Sierra Engarcerán/renta_hogar: 9 periodos (ADRH100210)
      12109 Tales/renta_persona: 9 periodos (ADRH100203)
      12109 Tales/renta_hogar: 9 periodos (ADRH100202)
      12111 Tírig/renta_persona: 9 periodos (ADRH100199)
      12111 Tírig/renta_hogar: 9 periodos (ADRH100198)
      12112 Todolella/renta_persona: 9 periodos (ADRH100197)
      12112 Todolella/renta_hogar: 9 periodos (ADRH100196)
      12115 Toro, El/renta_persona: 9 periodos (ADRH100191)
      12115 Toro, El/renta_hogar: 9 periodos (ADRH100190)
      12117 Torreblanca/renta_persona: 9 periodos (ADRH100187)
      12117 Torreblanca/renta_hogar: 9 periodos (ADRH100186)
      12119 Torre d'en Besora, la/renta_persona: 9 periodos (ADRH100183)
      12119 Torre d'en Besora, la/renta_hogar: 9 periodos (ADRH100182)
      12122 Useres, les/Useras/renta_persona: 9 periodos (ADRH100177)
      12122 Useres, les/Useras/renta_hogar: 9 periodos (ADRH100176)
      12125 Vall de Almonacid/renta_persona: 9 periodos (ADRH100171)
      12125 Vall de Almonacid/renta_hogar: 9 periodos (ADRH100170)
      12127 Vallibona/renta_persona: 4 periodos (ADRH100167)
      12127 Vallibona/renta_hogar: 4 periodos (ADRH100166)
      12129 Vilafranca/Villafranca del Cid/renta_persona: 9 periodos (ADRH100163)
      12129 Vilafranca/Villafranca del Cid/renta_hogar: 9 periodos (ADRH100162)
      12131 Villamalur/renta_persona: 5 periodos (ADRH100159)
      12131 Villamalur/renta_hogar: 5 periodos (ADRH100158)
      12133 Villanueva de Viver/renta_persona: 4 periodos (ADRH100155)
      12133 Villanueva de Viver/renta_hogar: 4 periodos (ADRH100154)
      12135 Vila-real/renta_persona: 9 periodos (ADRH100151)
      12135 Vila-real/renta_hogar: 9 periodos (ADRH100150)
      12139 Vistabella del Maestrat/renta_persona: 9 periodos (ADRH100143)
      12139 Vistabella del Maestrat/renta_hogar: 9 periodos (ADRH100142)
      12142 Zucaina/renta_persona: 9 periodos (ADRH100137)
      12142 Zucaina/renta_hogar: 9 periodos (ADRH100136)
      12901 Alqueries, les/Alquerías del Niño Perdido/renta_persona: 9 periodos (ADRH100135)
      12901 Alqueries, les/Alquerías del Niño Perdido/renta_hogar: 9 periodos (ADRH100134)
      12078 Montán/renta_persona: 9 periodos (ADRH100263)
      12078 Montán/renta_hogar: 9 periodos (ADRH100262)
  25/136…
      12080 Morella/renta_persona: 9 periodos (ADRH100259)
      12080 Morella/renta_hogar: 9 periodos (ADRH100258)
      12082 Nules/renta_persona: 9 periodos (ADRH100255)
      12082 Nules/renta_hogar: 9 periodos (ADRH100254)
      12083 Olocau del Rey/renta_persona: 9 periodos (ADRH100253)
      12083 Olocau del Rey/renta_hogar: 9 periodos (ADRH100252)
      12087 Palanques/renta_persona: 4 periodos (ADRH100247)
      12087 Palanques/renta_hogar: 4 periodos (ADRH100246)
      12089 Peníscola/Peñíscola/renta_persona: 9 periodos (ADRH100243)
      12089 Peníscola/Peñíscola/renta_hogar: 9 periodos (ADRH100242)
      12090 Pina de Montalgrao/renta_persona: 9 periodos (ADRH100241)
      12090 Pina de Montalgrao/renta_hogar: 9 periodos (ADRH100240)
      12001 Atzeneta del Maestrat/renta_persona: 9 periodos (ADRH100403)
      12001 Atzeneta del Maestrat/renta_hogar: 9 periodos (ADRH100402)
      12002 Aín/renta_persona: 9 periodos (ADRH100401)
      12002 Aín/renta_hogar: 9 periodos (ADRH100400)
      12003 Albocàsser/renta_persona: 9 periodos (ADRH100399)
      12003 Albocàsser/renta_hogar: 9 periodos (ADRH100398)
      12004 Alcalà de Xivert/renta_persona: 9 periodos (ADRH100397)
      12004 Alcalà de Xivert/renta_hogar: 9 periodos (ADRH100396)
      12005 Alcora, l'/renta_persona: 9 periodos (ADRH100395)
      12005 Alcora, l'/renta_hogar: 9 periodos (ADRH100394)
      12006 Alcudia de Veo/renta_persona: 9 periodos (ADRH100393)
      12006 Alcudia de Veo/renta_hogar: 9 periodos (ADRH100392)
      12007 Alfondeguilla/renta_persona: 9 periodos (ADRH100391)
      12007 Alfondeguilla/renta_hogar: 9 periodos (ADRH100390)
      12008 Algimia de Almonacid/renta_persona: 9 periodos (ADRH100389)
      12008 Algimia de Almonacid/renta_hogar: 9 periodos (ADRH100388)
      12009 Almassora/renta_persona: 9 periodos (ADRH100387)
      12009 Almassora/renta_hogar: 9 periodos (ADRH100386)
      12010 Almedíjar/renta_persona: 9 periodos (ADRH100385)
      12010 Almedíjar/renta_hogar: 9 periodos (ADRH100384)
      12011 Almenara/renta_persona: 9 periodos (ADRH100383)
      12011 Almenara/renta_hogar: 9 periodos (ADRH100382)
      12012 Altura/renta_persona: 9 periodos (ADRH100381)
      12012 Altura/renta_hogar: 9 periodos (ADRH100380)
      12013 Arañuel/renta_persona: 9 periodos (ADRH100379)
      12013 Arañuel/renta_hogar: 9 periodos (ADRH100378)
      12014 Ares del Maestrat/renta_persona: 9 periodos (ADRH100377)
      12014 Ares del Maestrat/renta_hogar: 9 periodos (ADRH100376)
      12015 Argelita/renta_persona: 7 periodos (ADRH100375)
      12015 Argelita/renta_hogar: 7 periodos (ADRH100374)
      12016 Artana/renta_persona: 9 periodos (ADRH100373)
      12016 Artana/renta_hogar: 9 periodos (ADRH100372)
      12017 Ayódar/renta_persona: 9 periodos (ADRH100371)
      12017 Ayódar/renta_hogar: 9 periodos (ADRH100370)
      12018 Azuébar/renta_persona: 9 periodos (ADRH100369)
      12018 Azuébar/renta_hogar: 9 periodos (ADRH100368)
      12020 Barracas/renta_persona: 9 periodos (ADRH100367)
      12020 Barracas/renta_hogar: 9 periodos (ADRH100366)
  50/136…
      12021 Betxí/renta_persona: 9 periodos (ADRH100365)
      12021 Betxí/renta_hogar: 9 periodos (ADRH100364)
      12022 Bejís/renta_persona: 9 periodos (ADRH100363)
      12022 Bejís/renta_hogar: 9 periodos (ADRH100362)
      12024 Benafer/renta_persona: 9 periodos (ADRH100361)
      12024 Benafer/renta_hogar: 9 periodos (ADRH100360)
      12025 Benafigos/renta_persona: 9 periodos (ADRH100359)
      12025 Benafigos/renta_hogar: 9 periodos (ADRH100358)
      12026 Benassal/renta_persona: 9 periodos (ADRH100357)
      12026 Benassal/renta_hogar: 9 periodos (ADRH100356)
      12027 Benicarló/renta_persona: 9 periodos (ADRH100355)
      12027 Benicarló/renta_hogar: 9 periodos (ADRH100354)
      12028 Benicàssim/Benicasim/renta_persona: 9 periodos (ADRH100353)
      12028 Benicàssim/Benicasim/renta_hogar: 9 periodos (ADRH100352)
      12029 Benlloc/renta_persona: 9 periodos (ADRH100351)
      12029 Benlloc/renta_hogar: 9 periodos (ADRH100350)
      12031 Borriol/renta_persona: 9 periodos (ADRH100349)
      12031 Borriol/renta_hogar: 9 periodos (ADRH100348)
      12032 Borriana/Burriana/renta_persona: 9 periodos (ADRH100347)
      12032 Borriana/Burriana/renta_hogar: 9 periodos (ADRH100346)
      12034 Càlig/renta_persona: 9 periodos (ADRH100343)
      12034 Càlig/renta_hogar: 9 periodos (ADRH100342)
      12036 Canet lo Roig/renta_persona: 9 periodos (ADRH100341)
      12036 Canet lo Roig/renta_hogar: 9 periodos (ADRH100340)
      12037 Castell de Cabres/renta_persona: 4 periodos (ADRH100339)
      12037 Castell de Cabres/renta_hogar: 4 periodos (ADRH100338)
      12038 Castellfort/renta_persona: 9 periodos (ADRH100337)
      12038 Castellfort/renta_hogar: 9 periodos (ADRH100336)
      12039 Castellnovo/renta_persona: 9 periodos (ADRH100335)
      12039 Castellnovo/renta_hogar: 9 periodos (ADRH100334)
      12040 Castelló de la Plana/Castellón de la Plana/renta_persona: 9 periodos (ADRH100333)
      12040 Castelló de la Plana/Castellón de la Plana/renta_hogar: 9 periodos (ADRH100332)
      12041 Castillo de Villamalefa/renta_persona: 8 periodos (ADRH100331)
      12041 Castillo de Villamalefa/renta_hogar: 8 periodos (ADRH100330)
      12042 Catí/renta_persona: 9 periodos (ADRH100329)
      12042 Catí/renta_hogar: 9 periodos (ADRH100328)
      12043 Caudiel/renta_persona: 9 periodos (ADRH100327)
      12043 Caudiel/renta_hogar: 9 periodos (ADRH100326)
      12044 Cervera del Maestre/renta_persona: 9 periodos (ADRH100325)
      12044 Cervera del Maestre/renta_hogar: 9 periodos (ADRH100324)
      12045 Cinctorres/renta_persona: 9 periodos (ADRH100323)
      12045 Cinctorres/renta_hogar: 9 periodos (ADRH100322)
      12046 Cirat/renta_persona: 9 periodos (ADRH100321)
      12046 Cirat/renta_hogar: 9 periodos (ADRH100320)
      12048 Cortes de Arenoso/renta_persona: 9 periodos (ADRH100319)
      12048 Cortes de Arenoso/renta_hogar: 9 periodos (ADRH100318)
      12049 Costur/renta_persona: 9 periodos (ADRH100317)
      12049 Costur/renta_hogar: 9 periodos (ADRH100316)
      12050 Coves de Vinromà, les/renta_persona: 9 periodos (ADRH100315)
      12050 Coves de Vinromà, les/renta_hogar: 9 periodos (ADRH100314)
  75/136…
      12051 Culla/renta_persona: 9 periodos (ADRH100313)
      12051 Culla/renta_hogar: 9 periodos (ADRH100312)
      12052 Xert/renta_persona: 9 periodos (ADRH100311)
      12052 Xert/renta_hogar: 9 periodos (ADRH100310)
      12053 Chilches/Xilxes/renta_persona: 9 periodos (ADRH100309)
      12053 Chilches/Xilxes/renta_hogar: 9 periodos (ADRH100308)
      12055 Xodos/Chodos/renta_persona: 9 periodos (ADRH100307)
      12055 Xodos/Chodos/renta_hogar: 9 periodos (ADRH100306)
      12056 Chóvar/renta_persona: 9 periodos (ADRH100305)
      12056 Chóvar/renta_hogar: 9 periodos (ADRH100304)
      12057 Eslida/renta_persona: 9 periodos (ADRH100303)
      12057 Eslida/renta_hogar: 9 periodos (ADRH100302)
      12058 Espadilla/renta_persona: 2 periodos (ADRH100301)
      12058 Espadilla/renta_hogar: 2 periodos (ADRH100300)
      12059 Fanzara/renta_persona: 9 periodos (ADRH100299)
      12059 Fanzara/renta_hogar: 9 periodos (ADRH100298)
      12060 Figueroles/renta_persona: 9 periodos (ADRH100297)
      12060 Figueroles/renta_hogar: 9 periodos (ADRH100296)
      12061 Forcall/renta_persona: 9 periodos (ADRH100295)
      12061 Forcall/renta_hogar: 9 periodos (ADRH100294)
      12063 Fuente la Reina/renta_persona: 4 periodos (ADRH100293)
      12063 Fuente la Reina/renta_hogar: 4 periodos (ADRH100292)
      12064 Fuentes de Ayódar/renta_persona: 6 periodos (ADRH100291)
      12064 Fuentes de Ayódar/renta_hogar: 6 periodos (ADRH100290)
      12065 Gaibiel/renta_persona: 9 periodos (ADRH100289)
      12065 Gaibiel/renta_hogar: 9 periodos (ADRH100288)
      12067 Geldo/renta_persona: 9 periodos (ADRH100285)
      12067 Geldo/renta_hogar: 9 periodos (ADRH100284)
      12068 Herbers/renta_persona: 4 periodos (ADRH100283)
      12068 Herbers/renta_hogar: 4 periodos (ADRH100282)
      12069 Higueras/renta_persona: 4 periodos (ADRH100281)
      12069 Higueras/renta_hogar: 4 periodos (ADRH100280)
      12070 Jana, la/renta_persona: 9 periodos (ADRH100279)
      12070 Jana, la/renta_hogar: 9 periodos (ADRH100278)
      12071 Jérica/renta_persona: 9 periodos (ADRH100277)
      12071 Jérica/renta_hogar: 9 periodos (ADRH100276)
      12072 Llucena/Lucena del Cid/renta_persona: 9 periodos (ADRH100275)
      12072 Llucena/Lucena del Cid/renta_hogar: 9 periodos (ADRH100274)
      12073 Ludiente/renta_persona: 9 periodos (ADRH100273)
      12073 Ludiente/renta_hogar: 9 periodos (ADRH100272)
      12074 Llosa, la/renta_persona: 9 periodos (ADRH100271)
      12074 Llosa, la/renta_hogar: 9 periodos (ADRH100270)
      12075 Mata de Morella, la/renta_persona: 9 periodos (ADRH100269)
      12075 Mata de Morella, la/renta_hogar: 9 periodos (ADRH100268)
      12076 Matet/renta_persona: 4 periodos (ADRH100267)
      12076 Matet/renta_hogar: 4 periodos (ADRH100266)
      12077 Moncofa/renta_persona: 9 periodos (ADRH100265)
      12077 Moncofa/renta_hogar: 9 periodos (ADRH100264)
      12079 Montanejos/renta_persona: 9 periodos (ADRH100261)
      12079 Montanejos/renta_hogar: 9 periodos (ADRH100260)
  100/136…
      12081 Navajas/renta_persona: 9 periodos (ADRH100257)
      12081 Navajas/renta_hogar: 9 periodos (ADRH100256)
      12084 Onda/renta_persona: 9 periodos (ADRH100251)
      12084 Onda/renta_hogar: 9 periodos (ADRH100250)
      12085 Orpesa/Oropesa del Mar/renta_persona: 9 periodos (ADRH100249)
      12085 Orpesa/Oropesa del Mar/renta_hogar: 9 periodos (ADRH100248)
      12088 Pavías/renta_persona: 4 periodos (ADRH100245)
      12088 Pavías/renta_hogar: 4 periodos (ADRH100244)
      12091 Portell de Morella/renta_persona: 9 periodos (ADRH100239)
      12091 Portell de Morella/renta_hogar: 9 periodos (ADRH100238)
      12092 Puebla de Arenoso/renta_persona: 9 periodos (ADRH100237)
      12092 Puebla de Arenoso/renta_hogar: 9 periodos (ADRH100236)
      12094 Pobla Tornesa, la/renta_persona: 9 periodos (ADRH100233)
      12094 Pobla Tornesa, la/renta_hogar: 9 periodos (ADRH100232)
      12096 Rossell/renta_persona: 9 periodos (ADRH100229)
      12096 Rossell/renta_hogar: 9 periodos (ADRH100228)
      12097 Sacañet/renta_persona: 4 periodos (ADRH100227)
      12097 Sacañet/renta_hogar: 4 periodos (ADRH100226)
      12099 Sant Jordi/San Jorge/renta_persona: 9 periodos (ADRH100223)
      12099 Sant Jordi/San Jorge/renta_hogar: 9 periodos (ADRH100222)
      12102 Santa Magdalena de Pulpis/renta_persona: 9 periodos (ADRH100217)
      12102 Santa Magdalena de Pulpis/renta_hogar: 9 periodos (ADRH100216)
      12104 Segorbe/renta_persona: 9 periodos (ADRH100213)
      12104 Segorbe/renta_hogar: 9 periodos (ADRH100212)
      12106 Soneja/renta_persona: 9 periodos (ADRH100209)
      12106 Soneja/renta_hogar: 9 periodos (ADRH100208)
      12107 Sot de Ferrer/renta_persona: 9 periodos (ADRH100207)
      12107 Sot de Ferrer/renta_hogar: 9 periodos (ADRH100206)
      12108 Suera/Sueras/renta_persona: 9 periodos (ADRH100205)
      12108 Suera/Sueras/renta_hogar: 9 periodos (ADRH100204)
      12110 Teresa/renta_persona: 9 periodos (ADRH100201)
      12110 Teresa/renta_hogar: 9 periodos (ADRH100200)
      12113 Toga/renta_persona: 5 periodos (ADRH100195)
      12113 Toga/renta_hogar: 5 periodos (ADRH100194)
      12114 Torás/renta_persona: 9 periodos (ADRH100193)
      12114 Torás/renta_hogar: 9 periodos (ADRH100192)
      12116 Torralba del Pinar/renta_persona: 4 periodos (ADRH100189)
      12116 Torralba del Pinar/renta_hogar: 4 periodos (ADRH100188)
      12118 Torrechiva/renta_persona: 4 periodos (ADRH100185)
      12118 Torrechiva/renta_hogar: 4 periodos (ADRH100184)
      12120 Torre d'en Doménec, la/renta_persona: 9 periodos (ADRH100181)
      12120 Torre d'en Doménec, la/renta_hogar: 9 periodos (ADRH100180)
      12121 Traiguera/renta_persona: 9 periodos (ADRH100179)
      12121 Traiguera/renta_hogar: 9 periodos (ADRH100178)
      12123 Vallat/renta_persona: 2 periodos (ADRH100175)
      12123 Vallat/renta_hogar: 2 periodos (ADRH100174)
      12124 Vall d'Alba/renta_persona: 9 periodos (ADRH100173)
      12124 Vall d'Alba/renta_hogar: 9 periodos (ADRH100172)
      12126 Vall d'Uixó, la/renta_persona: 9 periodos (ADRH100169)
      12126 Vall d'Uixó, la/renta_hogar: 9 periodos (ADRH100168)
  125/136…
      12128 Vilafamés/renta_persona: 9 periodos (ADRH100165)
      12128 Vilafamés/renta_hogar: 9 periodos (ADRH100164)
      12130 Villahermosa del Río/renta_persona: 9 periodos (ADRH100161)
      12130 Villahermosa del Río/renta_hogar: 9 periodos (ADRH100160)
      12132 Vilanova d'Alcolea/renta_persona: 9 periodos (ADRH100157)
      12132 Vilanova d'Alcolea/renta_hogar: 9 periodos (ADRH100156)
      12134 Vilar de Canes/renta_persona: 9 periodos (ADRH100153)
      12134 Vilar de Canes/renta_hogar: 9 periodos (ADRH100152)
      12136 Vilavella, la/renta_persona: 9 periodos (ADRH100149)
      12136 Vilavella, la/renta_hogar: 9 periodos (ADRH100148)
      12137 Villores/renta_persona: 4 periodos (ADRH100147)
      12137 Villores/renta_hogar: 4 periodos (ADRH100146)
      12138 Vinaròs/renta_persona: 9 periodos (ADRH100145)
      12138 Vinaròs/renta_hogar: 9 periodos (ADRH100144)
      12140 Viver/renta_persona: 9 periodos (ADRH100141)
      12140 Viver/renta_hogar: 9 periodos (ADRH100140)
      12141 Zorita del Maestrazgo/renta_persona: 9 periodos (ADRH100139)
      12141 Zorita del Maestrazgo/renta_hogar: 9 periodos (ADRH100138)
      12902 Sant Joan de Moró/renta_persona: 9 periodos (ADRH100133)
      12902 Sant Joan de Moró/renta_hogar: 9 periodos (ADRH100132)
      12033 Cabanes/renta_persona: 9 periodos (ADRH100345)
      12033 Cabanes/renta_hogar: 9 periodos (ADRH100344)

135 municipios · 9 periodos (2015 … 2023) · 30 KB
Sin renta (1): 12066 Gatova

2023: media simple de los municipios 14,228 € · provincia 14,029 €
